// Jest Snapshot v1, https://goo.gl/fbAQLP

exports[`Quote test Should render same text passed into ... 1`] = `
<div
  id="quote"
>
  <p
    className="p-quote"
  >
    Mathematics is not about numbers, equations, computations, or algorithms: it is about understanding. -William Paul Thurston
  </p>
</div>
`;

exports[`Quote test renders the main Text 1`] = `
<p
  class="p-quote"
>
  Mathematics is not about numbers, equations, computations, or algorithms: it is about understanding. -William Paul Thurston
</p>
`;
